main.c:94:6:HAL_GPIO_EXTI_Callback	16	static
main.c:101:6:HAL_TIM_PeriodElapsedCallback	16	static
main.c:160:6:delay	16	static
main.c:177:6:HAL_TIM_IC_CaptureCallback	16	static
main.c:214:6:HCSR04_Read	8	static
main.c:230:5:main	8	static
main.c:387:6:SystemClock_Config	72	static
main.c:426:13:MX_I2C1_Init	8	static
main.c:460:13:MX_I2C2_Init	8	static
main.c:494:13:MX_TIM1_Init	32	static
main.c:543:13:MX_TIM2_Init	32	static
main.c:588:13:MX_TIM3_Init	32	static
main.c:633:13:MX_GPIO_Init	40	static
main.c:685:6:Error_Handler	4	static,ignoring_inline_asm
