main.c:125:5:main	24	static
main.c:219:6:SystemClock_Config	88	static
main.c:265:13:MX_ADC1_Init	24	static
main.c:310:13:MX_I2C1_Init	8	static
main.c:344:13:MX_I2C2_Init	8	static
main.c:378:13:MX_TIM2_Init	32	static
main.c:423:13:MX_TIM3_Init	32	static
main.c:468:13:MX_USART1_UART_Init	8	static
main.c:501:13:MX_GPIO_Init	40	static
main.c:532:6:HAL_TIM_PeriodElapsedCallback	40	static
main.c:604:13:bubbleLevel_1d	48	static
main.c:641:13:bubbleLevel_2d	72	static
main.c:700:6:Error_Handler	4	static,ignoring_inline_asm
